  chamber (1.517932397378, 1.583333333333)   k2* = 1.5310222869
                k2            T_1            T_2      T_2 - k2
    1.517932397378    1.246819759    1.526483576     8.551e-03
    1.517932407378    1.246819754    1.526483580     8.551e-03
    1.517933397378    1.246819277    1.526483922     8.551e-03
    1.518032397378    1.246771593    1.526518165     8.486e-03
    1.518932397378    1.246338420    1.526829513     7.897e-03
    1.522102444176    1.244817293    1.527926927     5.824e-03
    1.525272490973    1.243303362    1.529025636     3.753e-03
    1.528442537771    1.241796613    1.530125797     1.683e-03
    1.531612584569    1.240297032    1.531227584    -3.850e-04
    1.534782631367    1.238804607    1.532331189    -2.451e-03
    1.537952678164    1.237319323    1.533436830    -4.516e-03
    1.541122724962    1.235841171    1.534544747    -6.578e-03
    1.544292771760    1.234370137    1.535655212    -8.638e-03
    1.547462818558    1.232906213    1.536768529    -1.069e-02
    1.550632865355    1.231449389    1.537885045    -1.275e-02
    1.553802912153    1.229999656    1.539005153    -1.480e-02
    1.556972958951    1.228557007    1.540129301    -1.684e-02
    1.560143005749    1.227121435    1.541258005    -1.889e-02
    1.563313052546    1.225692936    1.542391861    -2.092e-02
    1.566483099344    1.224271506    1.543531563    -2.295e-02
    1.569653146142    1.222857143    1.544677924    -2.498e-02
    1.572823192940    1.221449849    1.545831910    -2.699e-02
    1.575993239738    1.220049624    1.546994674    -2.900e-02
    1.579163286535    1.218656473    1.548167615    -3.100e-02
    1.582333333333    1.217270406    1.549352453    -3.298e-02
    1.583233333333    1.216878183    1.549691292    -3.354e-02
    1.583332333333    1.216835073    1.549728635    -3.360e-02
    1.583333323333    1.216834642    1.549728951    -3.360e-02
    1.583333333333    1.216834638    1.543395170    -3.994e-02

  interior of chamber: T_2 range [1.526483580, 1.549728951]   T_1 range [1.216834642, 1.246819754]
  max |dT_2| between adjacent interior grid points: 1.185e-03
  edge jumps:  at LO  T_2(1.517932)=1.526483576 vs T_2(LO+1e-8)=1.526483580  -> +3.459e-09
               at HI  T_2(HI-1e-8)=1.549728951 vs T_2(HI)=1.543395170  -> -6.334e-03

  T_2(interior) contained strictly inside the chamber? True
wrote a6_B_chamber.json
