  n(s) cell edges (discontinuity candidates):
   1.408248  1.460179  1.517932  1.583333  1.659062  1.749269  1.860828  2.006231  2.211396  2.543033  3.264488

                k2           T_1           T_2      T_2 - k2  edge?
       1.300000000   0.970373621   1.455670670     1.557e-01
       1.325000000   0.973616496   1.526114706     2.011e-01
       1.350000000   0.977000986   1.536760902     1.868e-01
       1.375000000   0.980497475   1.547374310     1.724e-01
       1.400000000   0.984077637   1.557942741     1.579e-01
       1.408248190   0.985272541   1.561417114     1.532e-01  <-- edge 1.408248 (-1e-07)
       1.408248290   0.985272556   1.561417156     1.532e-01  <-- edge 1.408248 (+0e+00)
       1.408248390   0.985272570   1.561417198     1.532e-01  <-- edge 1.408248 (+1e-07)
       1.425000000   0.987714405   1.568449127     1.434e-01
       1.450000000   0.991381935   1.593229907     1.432e-01
       1.460178893   0.992878301   1.597512717     1.373e-01  <-- edge 1.460179 (-1e-07)
       1.460178993   0.992878315   1.523045733     6.287e-02  <-- edge 1.460179 (+0e+00)
       1.460179093   0.992878330   1.523045771     6.287e-02  <-- edge 1.460179 (+1e-07)
       1.475000000   0.995055594   1.528770418     5.377e-02
       1.500000000   0.998711939   1.538356325     3.836e-02
       1.517932297   1.001311480   1.545168110     2.724e-02  <-- edge 1.517932 (-1e-07)
       1.517932397   1.001311495   1.545168148     2.724e-02  <-- edge 1.517932 (+0e+00)
       1.517932497   1.001311509   1.545168186     2.724e-02  <-- edge 1.517932 (+1e-07)
       1.525000000   1.002328715   1.547835387     2.284e-02
       1.550000000   1.005884856   1.557165810     7.166e-03
       1.575000000   1.009360490   1.644260381     6.926e-02
       1.583333233   1.010497870   1.583333333     1.000e-07  <-- edge 1.583333 (-1e-07)
       1.583333333   1.010497884   1.516301532    -6.703e-02  <-- edge 1.583333 (+0e+00)
       1.583333433   1.010497898   1.516301565    -6.703e-02  <-- edge 1.583333 (+1e-07)
       1.600000000   1.012736959   1.522091277    -7.791e-02
       1.625000000   1.015996836   1.602669224    -2.233e-02
       1.650000000   1.019123957   1.659062163     9.062e-03
       1.659062063   1.020221769   1.659062163     1.000e-07  <-- edge 1.659062 (-1e-07)
       1.659062163   1.020221781   1.659062163     1.064e-12  <-- edge 1.659062 (+0e+00)
       1.659062263   1.020221793   1.659062163    -1.000e-07  <-- edge 1.659062 (+1e-07)
       1.675000000   1.022103451   1.697297525     2.230e-02
       1.700000000   1.024921778   1.706611880     6.612e-03
       1.725000000   1.027566771   1.715584050    -9.416e-03
       1.749268549   1.029958377   1.675112972    -7.416e-02  <-- edge 1.749269 (-1e-07)
       1.749268649   1.029958387   1.510436155    -2.388e-01  <-- edge 1.749269 (+0e+00)
       1.749268749   1.029958396   1.510436182    -2.388e-01  <-- edge 1.749269 (+1e-07)
       1.750000000   1.030027674   1.510633155    -2.394e-01
       1.775000000   1.032295190   1.517297672    -2.577e-01
       1.800000000   1.034361517   1.522788174    -2.772e-01
       1.825000000   1.036220389   1.529408017    -2.956e-01
       1.850000000   1.037867104   1.677315768    -1.727e-01
       1.860828362   1.038513666   1.682708561    -1.781e-01  <-- edge 1.860828 (-1e-07)
       1.860828462   1.038513672   1.679965251    -1.809e-01  <-- edge 1.860828 (+0e+00)
       1.860828562   1.038513678   1.679965279    -1.809e-01  <-- edge 1.860828 (+1e-07)
       1.875000000   1.039298553   1.683908917    -1.911e-01
       1.900000000   1.040513228   1.784153900    -1.158e-01
       1.925000000   1.041511228   1.791451191    -1.335e-01
       1.950000000   1.042294247   1.798677434    -1.513e-01
       1.975000000   1.042865543   1.806188936    -1.688e-01
       2.000000000   1.043229896   1.816117244    -1.839e-01
       2.006230490   1.043289184   1.820622810    -1.856e-01  <-- edge 2.006231 (-1e-07)
       2.006230590   1.043289185   1.812695815    -1.935e-01  <-- edge 2.006231 (+0e+00)
       2.006230690   1.043289185   1.812695835    -1.935e-01  <-- edge 2.006231 (+1e-07)
       2.025000000   1.043393546   1.816456106    -2.085e-01
       2.050000000   1.043364108   1.820960710    -2.290e-01
       2.075000000   1.043150478   1.824799671    -2.502e-01
       2.100000000   1.042762712   1.827836431    -2.722e-01

  sign changes of T_2(k2) - k2:
    between k2=1.583333233 (gap +1.000e-07) and k2=1.583333333 (gap -6.703e-02)   *** ACROSS AN EDGE ***
    between k2=1.625000000 (gap -2.233e-02) and k2=1.650000000 (gap +9.062e-03)
    between k2=1.659062163 (gap +1.064e-12) and k2=1.659062263 (gap -1.000e-07)   *** ACROSS AN EDGE ***
    between k2=1.659062263 (gap -1.000e-07) and k2=1.675000000 (gap +2.230e-02)   *** ACROSS AN EDGE ***
    between k2=1.700000000 (gap +6.612e-03) and k2=1.725000000 (gap -9.416e-03)
wrote a6_B_node15.json
