== exact n(s) jump points (top edge of cell m+1 == njump[m]) ==
   m= 1  s=3.264488237272   n(s-)=2  n(s+)=1
   m= 2  s=2.543033499621   n(s-)=3  n(s+)=2
   m= 3  s=2.211395754820   n(s-)=4  n(s+)=3
   m= 4  s=2.006230589875   n(s-)=5  n(s+)=4
   m= 5  s=1.860828462021   n(s-)=6  n(s+)=5
   m= 6  s=1.749268649265   n(s-)=7  n(s+)=6
   m= 7  s=1.659062162746   n(s-)=8  n(s+)=7
   m= 8  s=1.583333333333   n(s-)=9  n(s+)=8
   m= 9  s=1.517932397378   n(s-)=10  n(s+)=9
   m=10  s=1.460178993308   n(s-)=11  n(s+)=10
   m=11  s=1.408248290464   n(s-)=11  n(s+)=11

  top edge of cell n=9:  s9bar = 1.583333333333
  n just below/above: 9 / 8

==========================================================================
(A) k1-INVARIANCE (k2 fixed at k2*); Hold collapses at k1 = k2
==========================================================================
  k1=0.5000000000  Hold width=1.031e+00  max|EP - EP(k1=0.5)|=0.000e+00  U_V(1.6)=0.040113093715  T=(1.25054030,1.41006135)
  k1=1.0000000000  Hold width=5.310e-01  max|EP - EP(k1=0.5)|=0.000e+00  U_V(1.6)=0.040113093715  T=(1.25054030,1.41006135)
  k1=1.2405757283  Hold width=2.904e-01  max|EP - EP(k1=0.5)|=4.441e-16  U_V(1.6)=0.040113093715  T=(1.25054030,1.41006135)
  k1=1.4000000000  Hold width=1.310e-01  max|EP - EP(k1=0.5)|=0.000e+00  U_V(1.6)=0.040113093715  T=(1.25054030,1.41006135)
  k1=1.5200000000  Hold width=1.102e-02  max|EP - EP(k1=0.5)|=2.220e-16  U_V(1.6)=0.040113093715  T=(1.25054030,1.41006135)
  k1=1.5310222869  Hold width=0.000e+00  max|EP - EP(k1=0.5)|=0.000e+00  U_V(1.6)=0.040113093715  T=(1.25054030,1.41006135)

==========================================================================
(B) k2 SWEPT ACROSS s9bar = top edge of the marginal type's cell
==========================================================================
  diagnostic history X_0..X_7 = [1, 1, 2, 1, 0, 1, 1, 0]  index=44649
  feasible types: [np.int64(3), np.int64(4), np.int64(5), np.int64(6), np.int64(7), np.int64(8), np.int64(9), np.int64(10), np.int64(11)]

    k2 - s9bar        W[9]     vhat(h)      P_7(h)     U_V(1.55)     U_H(1.55)        T_2(k)
    -1.000e-01   2.724e-02    1.000000    1.521593   0.040165924   0.035557294   1.398784553
    -1.000e-02   4.038e-03    1.000000    1.541647   0.039526385   0.035822683   1.419324314
    -1.000e-03   4.017e-04    1.000000    1.543630   0.039479076   0.035847932   1.420998006
    -1.000e-04   4.015e-05    1.000000    1.543828   0.039475464   0.035850444   1.421141082
    -1.000e-05   4.015e-06    1.000000    1.543848   0.039475128   0.035850695   1.421154850
    -1.000e-06   4.015e-07    1.000000    1.543850   0.039475095   0.035850720   1.421156219
    -1.000e-08   4.015e-09    1.000000    1.543849   0.039475097   0.035850722   1.421156241
    -1.000e-10   0.000e+00    1.000000    1.400791   0.040283109   0.035850723   1.403882807
    -1.000e-12   0.000e+00    1.000000    1.400791   0.040283109   0.035850723   1.403882807
    -9.992e-14   0.000e+00    1.000000    1.400791   0.040283109   0.035850723   1.403882807
    -2.998e-14   0.000e+00    1.000000    1.400791   0.040283109   0.035850723   1.403882807
    -9.992e-15   0.000e+00    1.000000    1.400791   0.040283109   0.035850723   1.403882807
     0.000e+00   0.000e+00    1.000000    1.400791   0.040283109   0.035850723   1.403882807
     1.000e-06   0.000e+00    1.000000    1.400791   0.040283102   0.035850725   1.403883018
     1.000e-02   0.000e+00    1.000000    1.400791   0.040218342   0.035878469   1.405980211

wrote a6_B_sweep.json
