solving seed equilibrium (tau = 0.05) ...
  seed k = (1.3124648122403926, 1.4188874333035122)   |k-T(k)| = 1.343e-11
  tau frozen at 0.090764058616
solving baseline equilibrium (frozen tau) ...
  BASELINE k* = (1.2405757283, 1.5310222869)   |k-T(k)| = 2.596e-11  payoff=0.000e+00
  Hold region width = 0.290447  (collapsed iff 0)

  breakpoints at k* (20):
   -3.242641  1.240576  1.408248  1.460179  1.517932  1.531022  1.583333  1.659062  1.749269  1.769016  1.860828  2.006231  2.211396  2.543033  2.549291  2.775276  3.227544  3.264488  4.921926  5.242641

  n(k2*) = 9
  nearest breakpoints above k2*: [1.58333333, 1.65906216, 1.74926865, 1.76901588]

  type masses at k*:
    t= 0  W=7.736673e-01
    t= 1  W=6.812715e-04
    t= 2  W=1.386689e-02
    t= 3  W=2.879226e-02
    t= 4  W=3.402404e-02
    t= 5  W=3.436247e-02
    t= 6  W=3.293049e-02
    t= 7  W=3.099673e-02
    t= 8  W=2.904360e-02
    t= 9  W=2.163493e-02
    t=10  W=0.000000e+00  <== ZERO (off path, floored)
    t=11  W=0.000000e+00  <== ZERO (off path, floored)
  marginal (largest-n) on-path Voice type: t = 9
  top edge of its cell: s_bar = 1.583333333333333

==========================================================================
  sweep k2 across n-jump top edge of cell 9  S = 1.583333333333   (k2* = 1.5310222869)
==========================================================================
        k2 - S     W[marg]        U_V(s0)        U_H(s0)        T_1(k)        T_2(k)
    -1.000e-02   4.038e-03   0.0363798842   0.0359320013   1.221224040   1.546018402
    -1.000e-03   4.017e-04   0.0362695895   0.0359556336   1.217270406   1.549352453
    -1.000e-05   4.015e-06   0.0362572049   0.0359582172   1.216838992   1.549725240
    -1.000e-07   4.015e-08   0.0362570810   0.0359582430   1.216834682   1.549728970
    -1.000e-08   4.015e-09   0.0362570819   0.0359582433   1.216834642   1.549728951
     0.000e+00   0.000e+00   0.0365064990   0.0359582433   1.216834638   1.543395170
     1.000e-05   0.000e+00   0.0365063923   0.0359582689   1.216830332   1.543398487
     1.000e-02   0.000e+00   0.0363994600   0.0359837204   1.212561902   1.546719787

==========================================================================
  sweep k2 across breakpoint  S = 1.659062162746   (k2* = 1.5310222869)
==========================================================================
        k2 - S     W[marg]        U_V(s0)        U_H(s0)        T_1(k)        T_2(k)
    -1.000e-02   0.000e+00   0.0372803245   0.0363319788   1.189982844   1.565925073
    -1.000e-03   0.000e+00   0.0371595543   0.0363534140   1.186535136   1.569277834
    -1.000e-05   0.000e+00   0.0371458665   0.0363557530   1.186159369   1.569655601
    -1.000e-07   0.000e+00   0.0371457295   0.0363557764   1.186155615   1.569659373
    -1.000e-08   0.000e+00   0.0371457314   0.0363557766   1.186155580   1.569659263
     0.000e+00   0.000e+00   0.0374329528   0.0363557766   1.186155577   1.558798550
     1.000e-05   0.000e+00   0.0374328401   0.0363557994   1.186151863   1.558801698
     1.000e-02   0.000e+00   0.0373192172   0.0363784077   1.182474590   1.561961794

==========================================================================
  sweep k2 across breakpoint  S = 1.749268649265   (k2* = 1.5310222869)
==========================================================================
        k2 - S     W[marg]        U_V(s0)        U_H(s0)        T_1(k)        T_2(k)
    -1.000e-02   0.000e+00   0.0384350699   0.0367836018   1.158593861   1.598425867
    -1.000e-03   0.000e+00   0.0382620366   0.0368011236   1.155824499   1.603141550
    -1.000e-05   0.000e+00   0.0382406484   0.0368030127   1.155525493   1.603719211
    -1.000e-07   0.000e+00   0.0382404323   0.0368030316   1.155522509   1.603725042
    -1.000e-08   0.000e+00   0.0382404398   0.0368030317   1.155522482   1.603724853
     0.000e+00   0.000e+00   0.0387644557   0.0368030318   1.155522479   1.575443391
     1.000e-05   0.000e+00   0.0387642970   0.0368030491   1.155519638   1.575447117
     1.000e-02   0.000e+00   0.0385930961   0.0368199193   1.152741049   1.594912887

wrote a6_B_baseline.json
